MLX-LM dependencies and Apple silicon platform are present.
Pilot and full runs are uninterrupted from scratch; crash-resume remains unsupported.
Loading configuration file /private/tmp/aptus-mlx-clean-acceptance-20260727.9gos44/run-1/bundle/config/mlx-lm.yaml
Loading pretrained model
Loading datasets
Training
Trainable parameters: 0.890% (4.399M/494.033M)
Starting training..., iters: 2
Calculating loss...:   0%|          | 0/1 [00:00<?, ?it/s]Calculating loss...: 100%|██████████| 1/1 [00:00<00:00, 30.67it/s]
Iter 1: Val loss 4.899, Val took 0.041s
Iter 1: Train loss 3.853, Learning Rate 2.000e-04, It/sec 8.409, Tokens/sec 277.507, Trained Tokens 33, Peak mem 0.516 GB
Calculating loss...:   0%|          | 0/1 [00:00<?, ?it/s]Calculating loss...: 100%|██████████| 1/1 [00:00<00:00, 48.01it/s]
Iter 2: Val loss 3.819, Val took 0.023s
Iter 2: Train loss 3.154, Learning Rate 2.000e-04, It/sec 9.995, Tokens/sec 249.868, Trained Tokens 58, Peak mem 0.525 GB
Saved final weights to /private/tmp/aptus-mlx-clean-acceptance-20260727.9gos44/run-1/bundle/pilot-output/bounded-smoke_c64b8c1d3f184112b1e3061a4840a99c/adapters/adapters.safetensors.
MLX-LM bounded-smoke training completed: /private/tmp/aptus-mlx-clean-acceptance-20260727.9gos44/run-1/bundle/pilot-output/bounded-smoke_c64b8c1d3f184112b1e3061a4840a99c/training-metrics.json
Aptus MLX-LM bounded-smoke completed: /private/tmp/aptus-mlx-clean-acceptance-20260727.9gos44/run-1/bundle/pilot-output/bounded-smoke_c64b8c1d3f184112b1e3061a4840a99c
Loading configuration file /private/tmp/aptus-mlx-clean-acceptance-20260727.9gos44/run-1/bundle/config/mlx-lm.yaml
Loading pretrained model
Loading datasets
Training
Trainable parameters: 0.890% (4.399M/494.033M)
Starting training..., iters: 2
Calculating loss...:   0%|          | 0/1 [00:00<?, ?it/s]Calculating loss...: 100%|██████████| 1/1 [00:00<00:00, 29.43it/s]
Iter 1: Val loss 4.899, Val took 0.042s
Iter 1: Train loss 3.853, Learning Rate 2.000e-04, It/sec 8.789, Tokens/sec 290.049, Trained Tokens 33, Peak mem 0.516 GB
Calculating loss...:   0%|          | 0/1 [00:00<?, ?it/s]Calculating loss...: 100%|██████████| 1/1 [00:00<00:00, 48.72it/s]
Iter 2: Val loss 3.819, Val took 0.022s
Iter 2: Train loss 3.154, Learning Rate 2.000e-04, It/sec 9.711, Tokens/sec 242.770, Trained Tokens 58, Peak mem 0.524 GB
Saved final weights to /private/tmp/aptus-mlx-clean-acceptance-20260727.9gos44/run-1/bundle/pilot-output/pilot_f9dfb07d8636412fbcecf50ad3333369/adapters/adapters.safetensors.
MLX-LM pilot training completed: /private/tmp/aptus-mlx-clean-acceptance-20260727.9gos44/run-1/bundle/pilot-output/pilot_f9dfb07d8636412fbcecf50ad3333369/training-metrics.json
Fresh-process MLX adapter reload passed: /private/tmp/aptus-mlx-clean-acceptance-20260727.9gos44/run-1/bundle/pilot-output/pilot_f9dfb07d8636412fbcecf50ad3333369/reload-evidence.json
Aptus MLX-LM pilot completed: /private/tmp/aptus-mlx-clean-acceptance-20260727.9gos44/run-1/bundle/pilot-output/pilot_f9dfb07d8636412fbcecf50ad3333369
Aptus MLX-LM pilot validation passed.
