MLX-LM dependencies and Apple silicon platform are present.
Pilot and full runs are uninterrupted from scratch; crash-resume remains unsupported.
Loading configuration file /private/tmp/aptus-mlx-clean-acceptance-20260727.9gos44/run-2/bundle/config/mlx-lm.yaml
Loading pretrained model
Loading datasets
Training
Trainable parameters: 0.890% (4.399M/494.033M)
Starting training..., iters: 2
Calculating loss...:   0%|          | 0/1 [00:00<?, ?it/s]Calculating loss...: 100%|██████████| 1/1 [00:00<00:00, 30.27it/s]
Iter 1: Val loss 4.899, Val took 0.040s
Iter 1: Train loss 3.853, Learning Rate 2.000e-04, It/sec 8.406, Tokens/sec 277.385, Trained Tokens 33, Peak mem 0.516 GB
Calculating loss...:   0%|          | 0/1 [00:00<?, ?it/s]Calculating loss...: 100%|██████████| 1/1 [00:00<00:00, 45.58it/s]
Iter 2: Val loss 3.819, Val took 0.024s
Iter 2: Train loss 3.154, Learning Rate 2.000e-04, It/sec 9.615, Tokens/sec 240.377, Trained Tokens 58, Peak mem 0.524 GB
Saved final weights to /private/tmp/aptus-mlx-clean-acceptance-20260727.9gos44/run-2/bundle/pilot-output/bounded-smoke_4b6a4755b4644d989543acdfa288e38e/adapters/adapters.safetensors.
MLX-LM bounded-smoke training completed: /private/tmp/aptus-mlx-clean-acceptance-20260727.9gos44/run-2/bundle/pilot-output/bounded-smoke_4b6a4755b4644d989543acdfa288e38e/training-metrics.json
Aptus MLX-LM bounded-smoke completed: /private/tmp/aptus-mlx-clean-acceptance-20260727.9gos44/run-2/bundle/pilot-output/bounded-smoke_4b6a4755b4644d989543acdfa288e38e
Loading configuration file /private/tmp/aptus-mlx-clean-acceptance-20260727.9gos44/run-2/bundle/config/mlx-lm.yaml
Loading pretrained model
Loading datasets
Training
Trainable parameters: 0.890% (4.399M/494.033M)
Starting training..., iters: 2
Calculating loss...:   0%|          | 0/1 [00:00<?, ?it/s]Calculating loss...: 100%|██████████| 1/1 [00:00<00:00, 30.50it/s]
Iter 1: Val loss 4.899, Val took 0.041s
Iter 1: Train loss 3.853, Learning Rate 2.000e-04, It/sec 8.660, Tokens/sec 285.783, Trained Tokens 33, Peak mem 0.516 GB
Calculating loss...:   0%|          | 0/1 [00:00<?, ?it/s]Calculating loss...: 100%|██████████| 1/1 [00:00<00:00, 49.06it/s]
Iter 2: Val loss 3.819, Val took 0.022s
Iter 2: Train loss 3.154, Learning Rate 2.000e-04, It/sec 10.081, Tokens/sec 252.025, Trained Tokens 58, Peak mem 0.524 GB
Saved final weights to /private/tmp/aptus-mlx-clean-acceptance-20260727.9gos44/run-2/bundle/pilot-output/pilot_1c328dda0c9f42669b6d87d3d4ff1088/adapters/adapters.safetensors.
MLX-LM pilot training completed: /private/tmp/aptus-mlx-clean-acceptance-20260727.9gos44/run-2/bundle/pilot-output/pilot_1c328dda0c9f42669b6d87d3d4ff1088/training-metrics.json
Fresh-process MLX adapter reload passed: /private/tmp/aptus-mlx-clean-acceptance-20260727.9gos44/run-2/bundle/pilot-output/pilot_1c328dda0c9f42669b6d87d3d4ff1088/reload-evidence.json
Aptus MLX-LM pilot completed: /private/tmp/aptus-mlx-clean-acceptance-20260727.9gos44/run-2/bundle/pilot-output/pilot_1c328dda0c9f42669b6d87d3d4ff1088
Aptus MLX-LM pilot validation passed.
